#
# Compute instance fhm6kg3su2lhvkg631e5 was created manually as "Container Solution" in YC UX. 
# When creating manually, a previously created nginx-based image from the registry and 
# service account with the container-registry.images.puller role was specified in the folder. 
#
aleksey@first:~/OtusTeam/IaC/general/yc_serverless_container/import_nginx$ yc compute instance get fhm6kg3su2lhvkg631e5
id: fhm6kg3su2lhvkg631e5
folder_id: b1gmesrdjgklgkvcp704
created_at: "2024-08-28T08:19:27Z"
name: compute-vm-2-2-15-hdd-1724833002696
zone_id: ru-central1-a
platform_id: standard-v3
resources:
  memory: "2147483648"
  cores: "2"
  core_fraction: "100"
status: RUNNING
metadata_options:
  gce_http_endpoint: ENABLED
  aws_v1_http_endpoint: ENABLED
  gce_http_token: ENABLED
  aws_v1_http_token: DISABLED
boot_disk:
  mode: READ_WRITE
  device_name: fhmn65vrmme3sp3n3v09
  auto_delete: true
  disk_id: fhmn65vrmme3sp3n3v09
network_interfaces:
  - index: "0"
    mac_address: d0:0d:6a:40:7c:f0
    subnet_id: e9bop98iu12teftg4uj8
    primary_v4_address:
      address: 10.128.0.21
      one_to_one_nat:
        address: 89.169.149.123
        ip_version: IPV4
serial_port_settings:
  ssh_authorization: OS_LOGIN
gpu_settings: {}
fqdn: compute-vm-2-2-15-hdd-1724833002696.ru-central1.internal
scheduling_policy: {}
service_account_id: ajeps61531r8losd5k2d
network_settings:
  type: STANDARD
placement_policy: {}

aleksey@first:~/OtusTeam/IaC/general/yc_serverless_container/import_nginx$ curl http://89.169.149.123
<html>
  <body>
    <h1>Hello World!</h1>
  </body>
</html>
aleksey@first:~/OtusTeam/IaC/general/yc_serverless_container/import_nginx$ ls -la terraform.tfstate
-rw-rw-r-- 1 aleksey aleksey 181 Aug 28 08:27 terraform.tfstate
aleksey@first:~/OtusTeam/IaC/general/yc_serverless_container/import_nginx$ cat terraform.tfstate
{
  "version": 4,
  "terraform_version": "1.9.2",
  "serial": 22,
  "lineage": "c3a80c04-e69b-da72-1e92-ac273a38c1d4",
  "outputs": {},
  "resources": [],
  "check_results": null
}
aleksey@first:~/OtusTeam/IaC/general/yc_serverless_container/import_nginx$ cat nginx.tf 
resource "yandex_compute_instance" "nginx" {
  # (resource arguments)
}
aleksey@first:~/OtusTeam/IaC/general/yc_serverless_container/import_nginx$ tf validate
╷
│ Error: Insufficient network_interface blocks
│ 
│   on nginx.tf line 1, in resource "yandex_compute_instance" "nginx":
│    1: resource "yandex_compute_instance" "nginx" {
│ 
│ At least 1 "network_interface" blocks are required.
╵
╷
│ Error: Insufficient boot_disk blocks
│ 
│   on nginx.tf line 1, in resource "yandex_compute_instance" "nginx":
│    1: resource "yandex_compute_instance" "nginx" {
│ 
│ At least 1 "boot_disk" blocks are required.
╵
╷
│ Error: Insufficient resources blocks
│ 
│   on nginx.tf line 1, in resource "yandex_compute_instance" "nginx":
│    1: resource "yandex_compute_instance" "nginx" {
│ 
│ At least 1 "resources" blocks are required.
╵
aleksey@first:~/OtusTeam/IaC/general/yc_serverless_container/import_nginx$ terraform import yandex_compute_instance.nginx fhm6kg3su2lhvkg631e5
yandex_compute_instance.nginx: Importing from ID "fhm6kg3su2lhvkg631e5"...
yandex_compute_instance.nginx: Import prepared!
  Prepared yandex_compute_instance for import
yandex_compute_instance.nginx: Refreshing state... [id=fhm6kg3su2lhvkg631e5]

Import successful!

The resources that were imported are shown above. These resources are now in
your Terraform state and will henceforth be managed by Terraform.

aleksey@first:~/OtusTeam/IaC/general/yc_serverless_container/import_nginx$ ls -la terraform.tfstate
-rw-rw-r-- 1 aleksey aleksey 5332 Aug 28 08:45 terraform.tfstate
aleksey@first:~/OtusTeam/IaC/general/yc_serverless_container/import_nginx$ cat terraform.tfstate
{
  "version": 4,
  "terraform_version": "1.9.2",
  "serial": 23,
  "lineage": "c3a80c04-e69b-da72-1e92-ac273a38c1d4",
  "outputs": {},
  "resources": [
    {
      "mode": "managed",
      "type": "yandex_compute_instance",
      "name": "nginx",
      "provider": "provider[\"registry.terraform.io/yandex-cloud/yandex\"]",
      "instances": [
        {
          "schema_version": 1,
          "attributes": {
            "allow_recreate": null,
            "allow_stopping_for_update": null,
            "boot_disk": [
              {
                "auto_delete": true,
                "device_name": "fhmn65vrmme3sp3n3v09",
                "disk_id": "fhmn65vrmme3sp3n3v09",
                "initialize_params": [
                  {
                    "block_size": 4096,
                    "description": "",
                    "image_id": "fd8qinf7qa7mmmhe6i8g",
                    "name": "disk-1724833045545",
                    "size": 15,
                    "snapshot_id": "",
                    "type": "network-hdd"
                  }
                ],
                "mode": "READ_WRITE"
              }
            ],
            "created_at": "2024-08-28T08:19:27Z",
            "description": "",
            "filesystem": [],
            "folder_id": "b1gmesrdjgklgkvcp704",
            "fqdn": "compute-vm-2-2-15-hdd-1724833002696.ru-central1.internal",
            "gpu_cluster_id": "",
            "hostname": "compute-vm-2-2-15-hdd-1724833002696",
            "id": "fhm6kg3su2lhvkg631e5",
            "labels": {},
            "local_disk": [],
            "maintenance_grace_period": "",
            "maintenance_policy": null,
            "metadata": {
              "docker-container-declaration": "spec:\n  containers:\n  - name: nginx\n    image: cr.yandex/crpgqba9ldgbfg8ad8j0/nginx\n  restartPolicy: Always\n",
              "serial-port-enable": "0",
              "ssh-keys": "aleksey:ssh-rsa AAAAB3NzaC1yc2EAAAADAQABAAABgQCewj3O2osKw0rnOybUkYE6OwayOiEU5blxv+HfmATGt2tzcrQPROuILpaMXIlmlcEgPx1BFowQOS+/Ajhtxphd1p0YpLqvZGrUQd9/1kIoKd5E6FnXrG3O7apX0Bjj12MSDwuPMYWLlQ1OR4m7sIw3blzl+Y0RcLqZZpX+xs9u9fguEE34rSC7X9/cfYysTAfZk86W5C6XiXK5twah75Z+Jka02+hPlR3KkNA3ti70rWIbx83RPue3Bx8GNCYeK5h2ah7a3B/0GTxgyzA4WpBizpHygTnfN5lBlIpcYYf2RFzJxG686d6fkJHlWTZgp8Mei2hEukhfkxtZFc1Z5OhRDsY1EeNOXbtkyR9P8BNvCHNQvnZEmVH76DNZ2cdNaz8ANHBrAWO4c2lptPwpELHZVJbafzNRs3aT0QMtK57gES8CF7hmk8J6Gk3PDwmONTLsMIfqmgahLRFEL4Wbgs2eZqQ3suFSJSEHKaY3gzueKDxApVCmmfWs2ZhfkH9xtNM= aleksey@first",
              "user-data": "#cloud-config\ndatasource:\n Ec2:\n  strict_id: false\nssh_pwauth: no\nusers:\n- name: aleksey\n  sudo: ALL=(ALL) NOPASSWD:ALL\n  shell: /bin/bash\n  ssh_authorized_keys:\n  - ssh-rsa AAAAB3NzaC1yc2EAAAADAQABAAABgQCewj3O2osKw0rnOybUkYE6OwayOiEU5blxv+HfmATGt2tzcrQPROuILpaMXIlmlcEgPx1BFowQOS+/Ajhtxphd1p0YpLqvZGrUQd9/1kIoKd5E6FnXrG3O7apX0Bjj12MSDwuPMYWLlQ1OR4m7sIw3blzl+Y0RcLqZZpX+xs9u9fguEE34rSC7X9/cfYysTAfZk86W5C6XiXK5twah75Z+Jka02+hPlR3KkNA3ti70rWIbx83RPue3Bx8GNCYeK5h2ah7a3B/0GTxgyzA4WpBizpHygTnfN5lBlIpcYYf2RFzJxG686d6fkJHlWTZgp8Mei2hEukhfkxtZFc1Z5OhRDsY1EeNOXbtkyR9P8BNvCHNQvnZEmVH76DNZ2cdNaz8ANHBrAWO4c2lptPwpELHZVJbafzNRs3aT0QMtK57gES8CF7hmk8J6Gk3PDwmONTLsMIfqmgahLRFEL4Wbgs2eZqQ3suFSJSEHKaY3gzueKDxApVCmmfWs2ZhfkH9xtNM= aleksey@first"
            },
            "metadata_options": [
              {
                "aws_v1_http_endpoint": 1,
                "aws_v1_http_token": 2,
                "gce_http_endpoint": 1,
                "gce_http_token": 1
              }
            ],
            "name": "compute-vm-2-2-15-hdd-1724833002696",
            "network_acceleration_type": "standard",
            "network_interface": [
              {
                "dns_record": [],
                "index": 0,
                "ip_address": "10.128.0.21",
                "ipv4": true,
                "ipv6": false,
                "ipv6_address": "",
                "ipv6_dns_record": [],
                "mac_address": "d0:0d:6a:40:7c:f0",
                "nat": true,
                "nat_dns_record": [],
                "nat_ip_address": "89.169.149.123",
                "nat_ip_version": "IPV4",
                "security_group_ids": [],
                "subnet_id": "e9bop98iu12teftg4uj8"
              }
            ],
            "placement_policy": [
              {
                "host_affinity_rules": [],
                "placement_group_id": "",
                "placement_group_partition": 0
              }
            ],
            "platform_id": "standard-v3",
            "resources": [
              {
                "core_fraction": 100,
                "cores": 2,
                "gpus": 0,
                "memory": 2
              }
            ],
            "scheduling_policy": [
              {
                "preemptible": false
              }
            ],
            "secondary_disk": [],
            "service_account_id": "ajeps61531r8losd5k2d",
            "status": "running",
            "timeouts": null,
            "zone": "ru-central1-a"
          },
          "sensitive_attributes": [],
          "private": "eyJlMmJmYjczMC1lY2FhLTExZTYtOGY4OC0zNDM2M2JjN2M0YzAiOnsiY3JlYXRlIjozMDAwMDAwMDAwMDAsImRlbGV0ZSI6MzAwMDAwMDAwMDAwLCJ1cGRhdGUiOjMwMDAwMDAwMDAwMH0sInNjaGVtYV92ZXJzaW9uIjoiMSJ9"
        }
      ]
    }
  ],
  "check_results": null
}

